<?xml version="1.0" encoding="utf-8"?>
<testsuites>
	<testcase name="triggerRun: creates run and M1 audit log" time="0.405231" classname="test" file="/home/user/project/assets/tank-reconciliation-cap/test/reconciliation-service.test.js"/>
	<testcase name="triggerRun: rejects missing runDate" time="0.001060" classname="test" file="/home/user/project/assets/tank-reconciliation-cap/test/reconciliation-service.test.js"/>
	<testcase name="triggerRun: rejects duplicate run for same date" time="0.003917" classname="test" file="/home/user/project/assets/tank-reconciliation-cap/test/reconciliation-service.test.js"/>
	<testcase name="approvePosting: creates approval record and M4 audit log" time="0.009191" classname="test" file="/home/user/project/assets/tank-reconciliation-cap/test/reconciliation-service.test.js"/>
	<testcase name="approvePosting: rejects missing tankResultId" time="0.000499" classname="test" file="/home/user/project/assets/tank-reconciliation-cap/test/reconciliation-service.test.js"/>
	<testcase name="approvePosting: rejects non-existent tank" time="0.001210" classname="test" file="/home/user/project/assets/tank-reconciliation-cap/test/reconciliation-service.test.js"/>
	<testcase name="approvePosting: rejects non-URGENT classification" time="0.003561" classname="test" file="/home/user/project/assets/tank-reconciliation-cap/test/reconciliation-service.test.js"/>
	<testcase name="rejectPosting: sets REJECTED status and stores reason" time="0.006300" classname="test" file="/home/user/project/assets/tank-reconciliation-cap/test/reconciliation-service.test.js"/>
	<testcase name="rejectPosting: rejects empty comment" time="0.002512" classname="test" file="/home/user/project/assets/tank-reconciliation-cap/test/reconciliation-service.test.js"/>
	<testcase name="rejectPosting: rejects missing comment" time="0.002399" classname="test" file="/home/user/project/assets/tank-reconciliation-cap/test/reconciliation-service.test.js"/>
	<!-- tests 10 -->
	<!-- suites 0 -->
	<!-- pass 10 -->
	<!-- fail 0 -->
	<!-- cancelled 0 -->
	<!-- skipped 0 -->
	<!-- todo 0 -->
	<!-- duration_ms 559.564362 -->
</testsuites>
